Watching for file changes with StatReloader
[25/May/2026 08:34:17] "GET /api/products/ HTTP/1.1" 200 70
[25/May/2026 08:34:17,717] - Broken pipe from ('127.0.0.1', 51725)
[25/May/2026 08:35:33] "GET /api/productcategory/categories/ HTTP/1.1" 200 688
[25/May/2026 08:35:33,651] - Broken pipe from ('127.0.0.1', 61958)
[25/May/2026 08:35:38] "GET /api/products/ HTTP/1.1" 200 70
[25/May/2026 08:35:38,078] - Broken pipe from ('127.0.0.1', 61963)
C:\ecommerce_platform\ecommerce-backend\config\urls.py changed, reloading.
Performing system checks...

System check identified no issues (0 silenced).
May 25, 2026 - 08:33:19
Django version 6.0.5, using settings 'config.settings'
Starting development server at http://127.0.0.1:8000/
Quit the server with CTRL-BREAK.

WARNING: This is a development server. Do not use it in a production setting. Use a production WSGI or ASGI server instead.
For more information on production servers see: https://docs.djangoproject.com/en/6.0/howto/deployment/
Watching for file changes with StatReloader
[25/May/2026 08:36:02] "GET /api/products/ HTTP/1.1" 200 2
[25/May/2026 08:36:02,077] - Broken pipe from ('127.0.0.1', 61973)
[25/May/2026 08:36:44] "POST /api/products/1/approve/ HTTP/1.1" 200 337
[25/May/2026 08:36:44,203] - Broken pipe from ('127.0.0.1', 55301)
[25/May/2026 08:37:43] "GET /api/products/ HTTP/1.1" 200 2
[25/May/2026 08:37:43,488] - Broken pipe from ('127.0.0.1', 55330)
Not Found: /
[25/May/2026 08:41:26] "GET / HTTP/1.1" 404 3849
[25/May/2026 08:42:00] "POST /api/users/login/ HTTP/1.1" 200 103
[25/May/2026 08:42:02] "GET /api/products/?seller=3 HTTP/1.1" 200 2
[25/May/2026 08:42:02] "GET /api/products/?seller=3 HTTP/1.1" 200 2
[25/May/2026 08:42:04] "GET /api/productcategory/categories/ HTTP/1.1" 200 688
[25/May/2026 08:42:04] "GET /api/productcategory/categories/ HTTP/1.1" 200 688
[25/May/2026 08:43:02] "POST /api/products/ HTTP/1.1" 201 477
[25/May/2026 08:43:04] "GET /api/products/?seller=3 HTTP/1.1" 200 479
[25/May/2026 08:43:04] "GET /api/products/?seller=3 HTTP/1.1" 200 479
[25/May/2026 08:43:04] "GET /media/products/3497820d704aac62330591ad9c0fa8a6.jpg HTTP/1.1" 200 56115
[25/May/2026 08:44:23] "POST /api/users/login/ HTTP/1.1" 200 79
[25/May/2026 08:44:29] "GET /api/products/ HTTP/1.1" 200 479
[25/May/2026 08:44:29] "GET /media/products/3497820d704aac62330591ad9c0fa8a6.jpg HTTP/1.1" 304 0
[25/May/2026 08:44:29] "GET /api/products/ HTTP/1.1" 200 479
[25/May/2026 08:44:51] "POST /api/products/1/approve/ HTTP/1.1" 200 531
[25/May/2026 08:44:51] "GET /api/products/ HTTP/1.1" 200 479
[25/May/2026 08:44:55] "POST /api/products/1/approve/ HTTP/1.1" 200 531
[25/May/2026 08:44:55] "GET /api/products/ HTTP/1.1" 200 479
[25/May/2026 08:44:58] "POST /api/products/1/reject/ HTTP/1.1" 200 532
[25/May/2026 08:44:58] "GET /api/products/ HTTP/1.1" 200 480
[25/May/2026 08:45:01] "POST /api/products/1/approve/ HTTP/1.1" 200 531
[25/May/2026 08:45:01] "GET /api/products/ HTTP/1.1" 200 479
[25/May/2026 08:45:37] "POST /api/users/login/ HTTP/1.1" 200 103
[25/May/2026 08:45:38] "GET /api/products/?seller=3 HTTP/1.1" 200 479
[25/May/2026 08:45:38] "GET /media/products/3497820d704aac62330591ad9c0fa8a6.jpg HTTP/1.1" 304 0
[25/May/2026 08:45:38] "GET /api/products/?seller=3 HTTP/1.1" 200 479
[25/May/2026 08:45:44] "GET /api/products/?seller=3 HTTP/1.1" 200 479
[25/May/2026 08:45:44] "GET /api/products/?seller=3 HTTP/1.1" 200 479
[25/May/2026 08:47:18] "GET /api/productcategory/categories/ HTTP/1.1" 200 688
[25/May/2026 08:47:18] "GET /api/productcategory/categories/ HTTP/1.1" 200 688
[25/May/2026 08:47:22] "GET /api/products/?seller=3 HTTP/1.1" 200 479
[25/May/2026 08:47:22] "GET /api/products/?seller=3 HTTP/1.1" 200 479
[25/May/2026 08:47:27] "GET /admin/product/product/ HTTP/1.1" 200 18815
[25/May/2026 08:47:27] "GET /admin/jsi18n/ HTTP/1.1" 200 3342
[25/May/2026 08:47:30] "GET /admin/product/product/1/change/ HTTP/1.1" 200 28361
[25/May/2026 08:47:30] "GET /admin/jsi18n/ HTTP/1.1" 200 3342
[25/May/2026 08:48:07] "GET /api/products/?seller=3 HTTP/1.1" 200 479
[25/May/2026 08:48:07] "GET /media/products/3497820d704aac62330591ad9c0fa8a6.jpg HTTP/1.1" 304 0
[25/May/2026 08:48:07] "GET /api/products/?seller=3 HTTP/1.1" 200 479
[25/May/2026 08:49:27] "GET /api/productcategory/categories/ HTTP/1.1" 200 688
[25/May/2026 08:49:27] "GET /api/productcategory/categories/ HTTP/1.1" 200 688
[25/May/2026 08:49:33] "GET /api/products/?seller=3 HTTP/1.1" 200 479
[25/May/2026 08:49:33] "GET /api/products/?seller=3 HTTP/1.1" 200 479
[25/May/2026 08:49:35] "GET /api/productcategory/categories/ HTTP/1.1" 200 688
[25/May/2026 08:49:35] "GET /api/productcategory/categories/ HTTP/1.1" 200 688
[25/May/2026 08:57:06] "GET /api/products/?seller=3 HTTP/1.1" 200 479
[25/May/2026 08:57:06] "GET /media/products/3497820d704aac62330591ad9c0fa8a6.jpg HTTP/1.1" 304 0
[25/May/2026 08:57:06] "GET /api/products/?seller=3 HTTP/1.1" 200 479
[25/May/2026 08:59:21] "GET /api/productcategory/categories/ HTTP/1.1" 200 688
[25/May/2026 08:59:21] "GET /api/productcategory/categories/ HTTP/1.1" 200 688
[25/May/2026 08:59:31] "GET /api/products/?seller=3 HTTP/1.1" 200 479
[25/May/2026 08:59:31] "GET /api/products/?seller=3 HTTP/1.1" 200 479
[25/May/2026 08:59:37] "GET /api/productcategory/categories/ HTTP/1.1" 200 688
[25/May/2026 08:59:37] "GET /api/productcategory/categories/ HTTP/1.1" 200 688
[25/May/2026 08:59:39] "GET /api/products/?seller=3 HTTP/1.1" 200 479
[25/May/2026 08:59:39] "GET /api/products/?seller=3 HTTP/1.1" 200 479
Bad Request: /api/users/login/
[25/May/2026 09:00:39] "POST /api/users/login/ HTTP/1.1" 400 40
[25/May/2026 09:00:47] "POST /api/users/login/ HTTP/1.1" 200 84
[25/May/2026 09:00:51] "GET /api/products/ HTTP/1.1" 200 479
[25/May/2026 09:00:51] "GET /media/products/3497820d704aac62330591ad9c0fa8a6.jpg HTTP/1.1" 304 0
[25/May/2026 09:00:51] "GET /api/products/ HTTP/1.1" 200 479
[25/May/2026 09:17:41] "GET /api/products/ HTTP/1.1" 200 479
[25/May/2026 09:17:41] "GET /media/products/3497820d704aac62330591ad9c0fa8a6.jpg HTTP/1.1" 304 0
[25/May/2026 09:17:41] "GET /api/products/ HTTP/1.1" 200 479
[25/May/2026 09:17:51] "POST /api/products/1/unpublish/ HTTP/1.1" 200 46
[25/May/2026 09:17:51] "GET /api/products/ HTTP/1.1" 200 480
[25/May/2026 09:17:55] "POST /api/products/1/publish/ HTTP/1.1" 200 44
[25/May/2026 09:17:55] "GET /api/products/ HTTP/1.1" 200 479
[25/May/2026 09:18:32] "POST /api/users/login/ HTTP/1.1" 200 103
[25/May/2026 09:18:34] "GET /api/products/?seller=3 HTTP/1.1" 200 479
[25/May/2026 09:18:34] "GET /api/products/?seller=3 HTTP/1.1" 200 479
[25/May/2026 09:18:38] "GET /api/products/1/ HTTP/1.1" 200 477
[25/May/2026 09:18:38] "GET /api/productcategory/categories/ HTTP/1.1" 200 688
[25/May/2026 09:18:38] "GET /api/products/1/ HTTP/1.1" 200 477
[25/May/2026 09:18:38] "GET /api/productcategory/categories/ HTTP/1.1" 200 688
[25/May/2026 09:18:42] "GET /api/products/?seller=3 HTTP/1.1" 200 479
[25/May/2026 09:18:42] "GET /api/products/?seller=3 HTTP/1.1" 200 479
[25/May/2026 09:18:52] "GET /api/products/?seller=3 HTTP/1.1" 200 479
[25/May/2026 09:18:52] "GET /api/products/?seller=3 HTTP/1.1" 200 479
[25/May/2026 09:18:53] "GET /api/products/?seller=3 HTTP/1.1" 200 479
[25/May/2026 09:18:53] "GET /api/products/?seller=3 HTTP/1.1" 200 479
[25/May/2026 09:21:33] "GET /api/products/?seller=3 HTTP/1.1" 200 479
[25/May/2026 09:21:33] "GET /api/products/?seller=3 HTTP/1.1" 200 479
[25/May/2026 09:21:45] "GET /api/products/?seller=3 HTTP/1.1" 200 479
[25/May/2026 09:21:45] "GET /media/products/3497820d704aac62330591ad9c0fa8a6.jpg HTTP/1.1" 304 0
[25/May/2026 09:21:45] "GET /api/products/?seller=3 HTTP/1.1" 200 479
[25/May/2026 09:21:49] "GET /api/products/?seller=3 HTTP/1.1" 200 479
[25/May/2026 09:21:49] "GET /api/products/?seller=3 HTTP/1.1" 200 479
[25/May/2026 09:21:49] "GET /api/products/?seller=3 HTTP/1.1" 200 479
[25/May/2026 09:21:49] "GET /api/products/?seller=3 HTTP/1.1" 200 479
[25/May/2026 09:22:04] "GET /api/products/?seller=3 HTTP/1.1" 200 479
[25/May/2026 09:22:04] "GET /api/products/?seller=3 HTTP/1.1" 200 479
[25/May/2026 09:22:05] "GET /api/products/?seller=3 HTTP/1.1" 200 479
[25/May/2026 09:22:05] "GET /api/products/?seller=3 HTTP/1.1" 200 479
[25/May/2026 09:22:20] "POST /api/users/login/ HTTP/1.1" 200 79
[25/May/2026 09:22:26] "GET /api/seller/ HTTP/1.1" 200 1135
[25/May/2026 09:22:26] "GET /api/seller/ HTTP/1.1" 200 1135
[25/May/2026 09:22:26] "GET /media/seller/logo/download_1_46ZyIqK.png HTTP/1.1" 304 0
[25/May/2026 09:22:28] "GET /api/products/ HTTP/1.1" 200 479
[25/May/2026 09:22:28] "GET /api/products/ HTTP/1.1" 200 479
[25/May/2026 09:24:26] "GET /api/products/ HTTP/1.1" 200 479
[25/May/2026 09:24:26] "GET /api/products/ HTTP/1.1" 200 479
[25/May/2026 09:27:00] "GET /api/products/ HTTP/1.1" 200 479
[25/May/2026 09:27:00] "GET /media/products/3497820d704aac62330591ad9c0fa8a6.jpg HTTP/1.1" 304 0
[25/May/2026 09:27:00] "GET /api/products/ HTTP/1.1" 200 479
[25/May/2026 09:40:05] "POST /api/users/login/ HTTP/1.1" 200 103
[25/May/2026 09:40:09] "GET /api/products/?seller=3 HTTP/1.1" 200 479
[25/May/2026 09:40:09] "GET /media/products/3497820d704aac62330591ad9c0fa8a6.jpg HTTP/1.1" 304 0
[25/May/2026 09:40:09] "GET /api/products/?seller=3 HTTP/1.1" 200 479
[25/May/2026 09:40:20] "GET /api/productcategory/categories/ HTTP/1.1" 200 688
[25/May/2026 09:40:20] "GET /api/products/1/ HTTP/1.1" 200 477
[25/May/2026 09:40:20] "GET /api/productcategory/categories/ HTTP/1.1" 200 688
[25/May/2026 09:40:20] "GET /api/products/1/ HTTP/1.1" 200 477
[25/May/2026 09:40:31] "OPTIONS /api/products/1/ HTTP/1.1" 200 0
[25/May/2026 09:40:31] "PATCH /api/products/1/ HTTP/1.1" 200 485
[25/May/2026 09:40:33] "GET /api/products/?seller=3 HTTP/1.1" 200 487
[25/May/2026 09:40:33] "GET /api/products/?seller=3 HTTP/1.1" 200 487
[25/May/2026 09:41:01] "POST /api/users/login/ HTTP/1.1" 200 79
[25/May/2026 09:41:07] "GET /api/products/ HTTP/1.1" 200 487
[25/May/2026 09:41:07] "GET /api/products/ HTTP/1.1" 200 487
[25/May/2026 09:41:15] "POST /api/products/1/approve/ HTTP/1.1" 200 539
[25/May/2026 09:41:15] "GET /api/products/ HTTP/1.1" 200 487
[25/May/2026 09:41:21] "POST /api/products/1/unpublish/ HTTP/1.1" 200 46
[25/May/2026 09:41:21] "GET /api/products/ HTTP/1.1" 200 488
[25/May/2026 09:44:55] "POST /api/users/login/ HTTP/1.1" 200 103
[25/May/2026 09:44:57] "GET /api/products/?seller=3 HTTP/1.1" 200 488
[25/May/2026 09:44:57] "GET /api/products/?seller=3 HTTP/1.1" 200 488
[25/May/2026 09:54:17] "DELETE /api/products/1/ HTTP/1.1" 204 0
[25/May/2026 09:54:36] "POST /api/users/login/ HTTP/1.1" 200 79
[25/May/2026 09:54:40] "GET /api/products/ HTTP/1.1" 200 2
[25/May/2026 09:54:40] "GET /api/products/ HTTP/1.1" 200 2
[25/May/2026 09:54:43] "GET /api/products/ HTTP/1.1" 200 2
[25/May/2026 09:54:43] "GET /api/products/ HTTP/1.1" 200 2
